2026-10-03 15:37:59.233: [INFO] CurrentProfilePath: D:\MY STUDY\HK1_4\THIET_KE\Post_Class_02\Solitaire-1.3\.metadata\.plugins\org.eclipse.swt\EBWebView\Default
2026-10-03 15:37:59.233: [INFO] Profiles total count: 1
2026-10-03 15:37:59.233: [INFO] Profile: name=Profile 1 path=D:\MY STUDY\HK1_4\THIET_KE\Post_Class_02\Solitaire-1.3\.metadata\.plugins\org.eclipse.swt\EBWebView\Default lastActive=null
2026-10-03 15:37:59.233: [INFO] LastUsedProfileDir: D:\MY STUDY\HK1_4\THIET_KE\Post_Class_02\Solitaire-1.3\.metadata\.plugins\org.eclipse.swt\EBWebView\Default
2026-10-03 15:37:59.233: [INFO] OnDoneLoading sync enabled: 0
2026-10-03 15:37:59.233: [INFO] BookmarkModelLoaded, ids_reassigned: 0
2026-10-03 15:37:59.233: [INFO] BookmarksLoadDropped droppedNodes=0
2026-10-03 15:37:59.233: [INFO] BookmarksSnapshot Startup total=0 bar=0 other=0 mobile=0 showBar=0 showBarNTP=1
2026-10-03 15:38:08.594: [INFO] BookmarksSnapshot Shutdown total=0 bar=0 other=0 mobile=0 showBar=0 showBarNTP=1
2026-10-03 15:39:07.056: [INFO] CurrentProfilePath: D:\MY STUDY\HK1_4\THIET_KE\Post_Class_02\Solitaire-1.3\.metadata\.plugins\org.eclipse.swt\EBWebView\Default
2026-10-03 15:39:07.056: [INFO] Profiles total count: 1
2026-10-03 15:39:07.056: [INFO] Profile: name=Profile 1 path=D:\MY STUDY\HK1_4\THIET_KE\Post_Class_02\Solitaire-1.3\.metadata\.plugins\org.eclipse.swt\EBWebView\Default lastActive=2026-10-03T15:38:08.410Z
2026-10-03 15:39:07.056: [INFO] LastUsedProfileDir: D:\MY STUDY\HK1_4\THIET_KE\Post_Class_02\Solitaire-1.3\.metadata\.plugins\org.eclipse.swt\EBWebView\Default
2026-10-03 15:39:07.056: [INFO] MostRecentlyActiveProfile: name=Profile 1 path=D:\MY STUDY\HK1_4\THIET_KE\Post_Class_02\Solitaire-1.3\.metadata\.plugins\org.eclipse.swt\EBWebView\Default lastActive=2026-10-03T15:38:08.410Z
2026-10-03 15:39:07.056: [INFO] OnDoneLoading sync enabled: 0
2026-10-03 15:39:07.056: [INFO] BookmarkModelLoaded, ids_reassigned: 0
2026-10-03 15:39:07.056: [INFO] BookmarksLoadDropped droppedNodes=0
2026-10-03 15:39:07.056: [INFO] BookmarksSnapshot Startup total=0 bar=0 other=0 mobile=0 showBar=0 showBarNTP=1
2026-10-03 15:39:13.646: [INFO] BookmarksSnapshot Shutdown total=0 bar=0 other=0 mobile=0 showBar=0 showBarNTP=1
2026-10-03 15:50:35.917: [INFO] CurrentProfilePath: D:\MY STUDY\HK1_4\THIET_KE\Post_Class_02\Solitaire-1.3\.metadata\.plugins\org.eclipse.swt\EBWebView\Default
2026-10-03 15:50:35.917: [INFO] Profiles total count: 1
2026-10-03 15:50:35.917: [INFO] Profile: name=Profile 1 path=D:\MY STUDY\HK1_4\THIET_KE\Post_Class_02\Solitaire-1.3\.metadata\.plugins\org.eclipse.swt\EBWebView\Default lastActive=2026-10-03T15:38:08.410Z
2026-10-03 15:50:35.917: [INFO] LastUsedProfileDir: D:\MY STUDY\HK1_4\THIET_KE\Post_Class_02\Solitaire-1.3\.metadata\.plugins\org.eclipse.swt\EBWebView\Default
2026-10-03 15:50:35.917: [INFO] MostRecentlyActiveProfile: name=Profile 1 path=D:\MY STUDY\HK1_4\THIET_KE\Post_Class_02\Solitaire-1.3\.metadata\.plugins\org.eclipse.swt\EBWebView\Default lastActive=2026-10-03T15:38:08.410Z
2026-10-03 15:50:35.917: [INFO] OnDoneLoading sync enabled: 0
2026-10-03 15:50:35.917: [INFO] BookmarkModelLoaded, ids_reassigned: 0
2026-10-03 15:50:35.917: [INFO] BookmarksLoadDropped droppedNodes=0
2026-10-03 15:50:35.917: [INFO] BookmarksSnapshot Startup total=0 bar=0 other=0 mobile=0 showBar=0 showBarNTP=1
2026-10-03 16:43:26.692: [INFO] BookmarksSnapshot Shutdown total=0 bar=0 other=0 mobile=0 showBar=0 showBarNTP=1
